C51 COMPILER V9.54   FIRE                                                                  05/12/2019 17:55:20 PAGE 1   


C51 COMPILER V9.54, COMPILATION OF MODULE FIRE
OBJECT MODULE PLACED IN .\Objects\fire.obj
COMPILER INVOKED BY: C:\Keil_v5\C51\BIN\C51.EXE src\C\fire.c OPTIMIZE(8,SPEED) BROWSE INCDIR(.\src\H;.\src\H) DEBUG OBJE
                    -CTEXTEND PRINT(.\Listings\fire.lst) TABS(2) OBJECT(.\Objects\fire.obj)

line level    source

   1          /******************************************
   2          传感器触发测试
   3          单片机：STC89C52
   4          波特率：9600
   5          *****************************************/
   6          #include <reg52.h>
   7          #include <fire.h>
   8          unsigned char date;
   9          #define uchar unsigned char
  10          #define uint unsigned int
  11          sbit key1=P2^0;
  12          /*
  13          ********************************************************************************
  14          ** 函数名称 ： delay(uint z)
  15          ** 函数功能 ： 延时函数
  16          ********************************************************************************
  17          */
  18          void Fdelay(uint z)
  19          {                                                
  20   1          uint i,j;
  21   1          for(i=z;i>0;i--)
  22   1              for(j=110;j>0;j--);
  23   1      } 
  24          
  25          
  26          //*****串口初始化函数***********
  27          
  28          //******************************
  29          void Initial_com(void)
  30          {
  31   1         EA=1;        //开总中断
  32   1         ES=1;        //允许串口中断
  33   1         ET1=1;        //允许定时器T1的中断
  34   1         TMOD=0x20;   //定时器T1，在方式2中断产生波特率
  35   1         PCON=0x00;   //SMOD=0
  36   1         SCON=0x50;   // 方式1 由定时器控制
  37   1         TH1=0xfd;    //波特率设置为9600
  38   1         TL1=0xfd;
  39   1         TR1=1;       //开定时器T1运行控制位
  40   1      }
  41          
  42          //*************************
  43          //**********主函数*********
  44          //*************************
  45          unsigned int fire()
  46          {
  47   1        unsigned int data1;
  48   1        data1=0;
  49   1        if(key1==0)
  50   1        {
  51   2          data1=1;
  52   2        }
  53   1        /*
  54   1           if(key1==0)
C51 COMPILER V9.54   FIRE                                                                  05/12/2019 17:55:20 PAGE 2   

  55   1          {
  56   1            Fdelay(2);    //消抖动
  57   1            if(key1==0)   //确认触发
  58   1            {
  59   1               SBUF=0X01;
  60   1               Fdelay(200);
  61   1            }
  62   1          }
  63   1           if(RI)
  64   1          {
  65   1            date=SBUF;    //单片机接受
  66   1            SBUF=date;    //单片机发送
  67   1            RI=0;
  68   1           }
  69   1        */
  70   1          return data1;
  71   1      }


MODULE INFORMATION:   STATIC OVERLAYABLE
   CODE SIZE        =     62    ----
   CONSTANT SIZE    =   ----    ----
   XDATA SIZE       =   ----    ----
   PDATA SIZE       =   ----    ----
   DATA SIZE        =      1    ----
   IDATA SIZE       =   ----    ----
   BIT SIZE         =   ----    ----
END OF MODULE INFORMATION.


C51 COMPILATION COMPLETE.  0 WARNING(S),  0 ERROR(S)
