C51 COMPILER V9.54   SIM900A                                                               05/12/2019 17:55:21 PAGE 1   


C51 COMPILER V9.54, COMPILATION OF MODULE SIM900A
OBJECT MODULE PLACED IN .\Objects\sim900a.obj
COMPILER INVOKED BY: C:\Keil_v5\C51\BIN\C51.EXE src\C\sim900a.c OPTIMIZE(8,SPEED) BROWSE INCDIR(.\src\H;.\src\H) DEBUG O
                    -BJECTEXTEND PRINT(.\Listings\sim900a.lst) TABS(2) OBJECT(.\Objects\sim900a.obj)

line level    source

   1          /************************************************************
   2          程序说明：
   3          本程序运行后如果gprs模块找到服务商信号，就拨打指定电话。
   4          1.将自己的51单片机的串口1连接到GSM 232上
   5          2.找到程序中前面的#define处，根据说明修改好自己的单片机配置，编译程序
   6          2.下载程序
   7          3.等待发送成功
   8          *************************************************************/
   9          #include <REG51.H>
  10          #include "sim900a.h"
  11          
  12          #define uchar unsigned char
  13          #define uint unsigned int
  14          //以下是板子上LED的配置，把Px_x改成自己对应的脚。
  15          //以下是你的51单片机的晶振大小
  16          #define FOSC_110592M
  17          //#define FOSC_12M
  18          
  19          //以下是开机后发送到手机的内容，发送的号码在程序中修改。
  20          uchar sms_text[] = "abc123";
  21            
  22          //注意，无论接收到信号还是发送完信号，都会进中断服务程序的
  23          /*初始化程序（必须使用，否则无法收发），次程序将会使用定时器1*/
  24          void SerialInti()//初始化程序（必须使用，否则无法收发）
  25          {
  26   1        TMOD=0x20;//定时器1操作模式2:8位自动重载定时器
  27   1      #ifdef FOSC_12M      //在这里根据晶振大小设置不同的数值初始化串口
                TH1=0xf3;//装入初值，波特率2400
                TL1=0xf3; 
              #else   
  31   1        TH1=0xfd;//装入初值，波特率9600
  32   1        TL1=0xfd;
  33   1      #endif //end of SOC_12M
  34   1        TR1=1;//打开定时器
  35   1        SM0=0;//设置串行通讯工作模式，（10为一部发送，波特率可变，由定时器1的溢出率控制）
  36   1        SM1=1;//(同上)在此模式下，定时器溢出一次就发送一个位的数据
  37   1        REN=1;//串行接收允许位（要先设置sm0sm1再开串行允许）
  38   1        EA=1;//开总中断
  39   1        ES=1;//开串行口中断 
  40   1      }
  41          
  42          void DelaySec(int sec)
  43          {
  44   1        uint i, j= 0;
  45   1        for(i=0; i<sec; i++)
  46   1        {
  47   2          for(j=0; j<65535; j++)
  48   2          { 
  49   3          }
  50   2        }
  51   1      }
  52          
  53          /*串行通讯中断，收发完成将进入该中断*/
  54          void Serial_interrupt() interrupt 4 
C51 COMPILER V9.54   SIM900A                                                               05/12/2019 17:55:21 PAGE 2   

  55          {
  56   1      //  a=SBUF;
  57   1        P2=SBUF;
  58   1        RI=0;//接收中断信号清零，表示将继续接收
  59   1      //  flag=1;//进入中断的标志符号
  60   1        
  61   1      }
  62          
  63          void Uart1Send(uchar c)
  64          {
  65   1        SBUF=c;
  66   1        while(!TI);//等待发送完成信号（TI=1）出现
  67   1        TI=0; 
  68   1      }
  69          void Uart1Sends(uchar *str)
  70          {
  71   1        while(*str!='\0')
  72   1        {
  73   2          SBUF=*str;
  74   2          while(!TI);//????????(TI=1)??
  75   2          TI=0;
  76   2          str++;
  77   2        }
  78   1      }
  79          //串行口连续发送char型数组，遇到终止号/0将停止
  80          
  81          void sendMs(uchar *str)
  82          {
  83   1        Uart1Sends("AT+CSCS=\"GSM\"\r\n");
  84   1        DelaySec(3);//延时3秒
  85   1        Uart1Sends("AT+CMGF=1\r\n");
  86   1        DelaySec(3);//延时3秒
  87   1        Uart1Sends("AT+CMGS=\"13676604334\"\r\n");//此处修改为对方的电话号
  88   1        DelaySec(5);//延时3秒
  89   1        Uart1Sends(str);//修改短信内容
  90   1        Uart1Send(0x1a);
  91   1        DelaySec(10);//延时20秒
  92   1      }


MODULE INFORMATION:   STATIC OVERLAYABLE
   CODE SIZE        =    182    ----
   CONSTANT SIZE    =     52    ----
   XDATA SIZE       =   ----    ----
   PDATA SIZE       =   ----    ----
   DATA SIZE        =      7       7
   IDATA SIZE       =   ----    ----
   BIT SIZE         =   ----    ----
END OF MODULE INFORMATION.


C51 COMPILATION COMPLETE.  0 WARNING(S),  0 ERROR(S)
