BL51 BANKED LINKER/LOCATER V6.22                                                        05/11/2019  12:20:12  PAGE 1


BL51 BANKED LINKER/LOCATER V6.22, INVOKED BY:
C:\KEIL_V5\C51\BIN\BL51.EXE .\Objects\STARTUP.obj, .\Objects\beep.obj, .\Objects\led.obj, .\Objects\main.obj TO .\Object
>> s\smartHome PRINT (.\Listings\smartHome.m51) RAMSIZE (256)


MEMORY MODEL: SMALL


INPUT MODULES INCLUDED:
  .\Objects\STARTUP.obj (?C_STARTUP)
  .\Objects\beep.obj (BEEP)
  .\Objects\led.obj (LED)
  .\Objects\main.obj (MAIN)


LINK MAP OF MODULE:  .\Objects\smartHome (?C_STARTUP)


            TYPE    BASE      LENGTH    RELOCATION   SEGMENT NAME
            -----------------------------------------------------

            * * * * * * *   D A T A   M E M O R Y   * * * * * * *
            REG     0000H     0008H     ABSOLUTE     "REG BANK 0"
            IDATA   0008H     0001H     UNIT         ?STACK

            * * * * * * *   C O D E   M E M O R Y   * * * * * * *
            CODE    0000H     0003H     ABSOLUTE     
            CODE    0003H     000CH     UNIT         ?C_C51STARTUP
            CODE    000FH     000BH     UNIT         ?PR?_DELAY?BEEP
            CODE    001AH     000BH     UNIT         ?PR?_LDELAY?LED
            CODE    0025H     0009H     UNIT         ?PR?BEEP?BEEP
            CODE    002EH     0009H     UNIT         ?PR?LED?LED
            CODE    0037H     0009H     UNIT         ?PR?LEDC?LED
            CODE    0040H     0008H     UNIT         ?PR?MAIN?MAIN
            CODE    0048H     0003H     UNIT         ?PR?STOPBEEP?BEEP



OVERLAY MAP OF MODULE:   .\Objects\smartHome (?C_STARTUP)


SEGMENT
  +--> CALLED SEGMENT
---------------------
?C_C51STARTUP
  +--> ?PR?MAIN?MAIN

?PR?MAIN?MAIN
  +--> ?PR?BEEP?BEEP

?PR?BEEP?BEEP
  +--> ?PR?_DELAY?BEEP



SYMBOL TABLE OF MODULE:  .\Objects\smartHome (?C_STARTUP)

  VALUE           TYPE          NAME
BL51 BANKED LINKER/LOCATER V6.22                                                      05/11/2019  12:20:12  PAGE 2


  ----------------------------------

  -------         MODULE        ?C_STARTUP
  C:0003H         SEGMENT       ?C_C51STARTUP
  I:0008H         SEGMENT       ?STACK
  C:0000H         PUBLIC        ?C_STARTUP
  D:00E0H         SYMBOL        ACC
  D:00F0H         SYMBOL        B
  D:0083H         SYMBOL        DPH
  D:0082H         SYMBOL        DPL
  N:0000H         SYMBOL        IBPSTACK
  N:0100H         SYMBOL        IBPSTACKTOP
  N:0080H         SYMBOL        IDATALEN
  C:0006H         SYMBOL        IDATALOOP
  N:0000H         SYMBOL        PBPSTACK
  N:0100H         SYMBOL        PBPSTACKTOP
  N:0000H         SYMBOL        PDATALEN
  N:0000H         SYMBOL        PDATASTART
  N:0000H         SYMBOL        PPAGE
  N:0000H         SYMBOL        PPAGEENABLE
  D:00A0H         SYMBOL        PPAGE_SFR
  D:0081H         SYMBOL        SP
  C:0003H         SYMBOL        STARTUP1
  N:0000H         SYMBOL        XBPSTACK
  N:0000H         SYMBOL        XBPSTACKTOP
  N:0000H         SYMBOL        XDATALEN
  N:0000H         SYMBOL        XDATASTART
  C:0000H         LINE#         126
  C:0003H         LINE#         133
  C:0005H         LINE#         134
  C:0006H         LINE#         135
  C:0007H         LINE#         136
  C:0009H         LINE#         185
  C:000CH         LINE#         196
  -------         ENDMOD        ?C_STARTUP

  -------         MODULE        BEEP
  C:0000H         SYMBOL        _ICE_DUMMY_
  D:0090H         PUBLIC        P1
  D:00B0H         PUBLIC        P3
  D:00A8H         PUBLIC        IE
  C:000FH         PUBLIC        _delay
  D:00B8H         PUBLIC        IP
  B:0090H.5       PUBLIC        beep
  C:0048H         PUBLIC        StopBeep
  D:0098H         PUBLIC        SCON
  D:0088H         PUBLIC        TCON
  D:00C8H         PUBLIC        T2CON
  D:00D0H         PUBLIC        PSW
  C:0025H         PUBLIC        Beep
  -------         PROC          _DELAY
  D:0006H         SYMBOL        i
  C:000FH         LINE#         20
  C:000FH         LINE#         21
  C:000FH         LINE#         22
  C:0019H         LINE#         23
  -------         ENDPROC       _DELAY
BL51 BANKED LINKER/LOCATER V6.22                                                      05/11/2019  12:20:12  PAGE 3


  -------         PROC          BEEP
  C:0025H         LINE#         31
  C:0025H         LINE#         32
  C:0025H         LINE#         33
  C:0027H         LINE#         34
  -------         ENDPROC       BEEP
  -------         PROC          STOPBEEP
  C:0048H         LINE#         36
  C:0048H         LINE#         37
  C:0048H         LINE#         38
  C:004AH         LINE#         39
  -------         ENDPROC       STOPBEEP
  -------         ENDMOD        BEEP

  -------         MODULE        LED
  C:0000H         SYMBOL        _ICE_DUMMY_
  D:0090H         PUBLIC        P1
  D:00A0H         PUBLIC        P2
  D:00B0H         PUBLIC        P3
  D:00A8H         PUBLIC        IE
  C:002EH         PUBLIC        Led
  D:00B8H         PUBLIC        IP
  D:0098H         PUBLIC        SCON
  D:0088H         PUBLIC        TCON
  B:00A0H.0       PUBLIC        led
  C:0037H         PUBLIC        LedC
  C:001AH         PUBLIC        _Ldelay
  D:00C8H         PUBLIC        T2CON
  D:00D0H         PUBLIC        PSW
  -------         PROC          _LDELAY
  D:0006H         SYMBOL        i
  C:001AH         LINE#         7
  C:001AH         LINE#         8
  C:001AH         LINE#         9
  C:0024H         LINE#         10
  -------         ENDPROC       _LDELAY
  -------         PROC          LED
  C:002EH         LINE#         11
  C:002EH         LINE#         12
  C:002EH         LINE#         13
  C:0030H         LINE#         14
  -------         ENDPROC       LED
  -------         PROC          LEDC
  C:0037H         LINE#         16
  C:0037H         LINE#         17
  C:0037H         LINE#         18
  C:0039H         LINE#         19
  -------         ENDPROC       LEDC
  -------         ENDMOD        LED

  -------         MODULE        MAIN
  C:0000H         SYMBOL        _ICE_DUMMY_
  D:00A0H         PUBLIC        P2
  C:0040H         PUBLIC        main
  -------         PROC          MAIN
  C:0040H         LINE#         6
  C:0040H         LINE#         7
BL51 BANKED LINKER/LOCATER V6.22                                                      05/11/2019  12:20:12  PAGE 4


  C:0040H         LINE#         8
  C:0044H         LINE#         9
  C:0047H         LINE#         10
  -------         ENDPROC       MAIN
  -------         ENDMOD        MAIN

*** WARNING L16: UNCALLED SEGMENT, IGNORED FOR OVERLAY PROCESS
    SEGMENT: ?PR?STOPBEEP?BEEP

*** WARNING L16: UNCALLED SEGMENT, IGNORED FOR OVERLAY PROCESS
    SEGMENT: ?PR?LED?LED

*** WARNING L16: UNCALLED SEGMENT, IGNORED FOR OVERLAY PROCESS
    SEGMENT: ?PR?LEDC?LED

Program Size: data=9.0 xdata=0 code=75
LINK/LOCATE RUN COMPLETE.  3 WARNING(S),  0 ERROR(S)
